// Jest Snapshot v1, https://goo.gl/fbAQLP

exports[`matches snapshot 1`] = `
<DocumentFragment>
  <button
    class="button_1xm70sk"
  >
    Button
  </button>
</DocumentFragment>
`;
