// Jest Snapshot v1, https://goo.gl/fbAQLP

exports[`matches snapshot 1`] = `
<DocumentFragment>
  <div
    class="flexColumnAllCenter_1vexgx1-o_O-flexJustifyCenter_jfsfb5-o_O-progressBarDiv_xge2iy"
  >
    <div
      class="progressOverride_1kjv81f progress"
    >
      <div
        aria-valuemax="100"
        aria-valuemin="0"
        aria-valuenow="50"
        class="progress-bar bg-lumos"
        role="progressbar"
        style="width: 50%;"
      />
    </div>
    <p
      class="loadingText_u0pnee"
    >
      Loading
    </p>
  </div>
</DocumentFragment>
`;
