// Jest Snapshot v1, https://goo.gl/fbAQLP

exports[`components GameSection matches snapshot 1`] = `
<DocumentFragment>
  <div
    class="flexRowAllCenter_1cn94ih-o_O-gamesDiv_1idp2zd container"
  >
    <div
      class="flexRowAllCenter_1cn94ih-o_O-gridCol_1f8v8h4"
    >
      <a>
        <div
          class="flexRowAllCenter_1cn94ih-o_O-gridCol_1f8v8h4"
        >
          <div
            class="flexColumnAllCenter_1vexgx1-o_O-card_2cv6tx card"
          >
            <img
              alt="Game icon"
              class="card-img-top cardImg_1inpevm"
              src="https://assets.nest.lumosity.com/frontend_assets/banner/color_match_header.png"
            />
            <div
              class="flexColumn_n8t8ll-o_O-cardBody_ly1891 card-body"
            >
              <p
                class="pageTitle_1a3u8g5-o_O-subTitle_rlrlr4"
              >
                FLEXIBILITY
              </p>
              <div
                class="title_1wry8v1 card-title h5"
              >
                Color Match
              </div>
            </div>
          </div>
        </div>
      </a>
      <a>
        <div
          class="flexRowAllCenter_1cn94ih-o_O-gridCol_1f8v8h4"
        >
          <div
            class="flexColumnAllCenter_1vexgx1-o_O-card_2cv6tx card"
          >
            <img
              alt="Game icon"
              class="card-img-top cardImg_1inpevm"
              src="https://assets.nest.lumosity.com/frontend_assets/banner/ebb_and_flow_header.png"
            />
            <div
              class="flexColumn_n8t8ll-o_O-cardBody_ly1891 card-body"
            >
              <p
                class="pageTitle_1a3u8g5-o_O-subTitle_rlrlr4"
              >
                FLEXIBILITY
              </p>
              <div
                class="title_1wry8v1 card-title h5"
              >
                Ebb and Flow
              </div>
            </div>
          </div>
        </div>
      </a>
    </div>
    <div
      class="flexRowAllCenter_1cn94ih-o_O-gridCol_1f8v8h4"
    >
      <a>
        <div
          class="flexRowAllCenter_1cn94ih-o_O-gridCol_1f8v8h4"
        >
          <div
            class="flexColumnAllCenter_1vexgx1-o_O-card_2cv6tx card"
          >
            <img
              alt="Game icon"
              class="card-img-top cardImg_1inpevm"
              src="https://assets.nest.lumosity.com/frontend_assets/banner/raindrops_header.png"
            />
            <div
              class="flexColumn_n8t8ll-o_O-cardBody_ly1891 card-body"
            >
              <p
                class="pageTitle_1a3u8g5-o_O-subTitle_rlrlr4"
              >
                MATH
              </p>
              <div
                class="title_1wry8v1 card-title h5"
              >
                Raindrops
              </div>
            </div>
          </div>
        </div>
      </a>
      <a>
        <div
          class="flexRowAllCenter_1cn94ih-o_O-gridCol_1f8v8h4"
        >
          <div
            class="flexColumnAllCenter_1vexgx1-o_O-card_2cv6tx card"
          >
            <img
              alt="Game icon"
              class="card-img-top cardImg_1inpevm"
              src="https://assets.nest.lumosity.com/frontend_assets/banner/train_of_thought_header.png"
            />
            <div
              class="flexColumn_n8t8ll-o_O-cardBody_ly1891 card-body"
            >
              <p
                class="pageTitle_1a3u8g5-o_O-subTitle_rlrlr4"
              >
                ATTENTION
              </p>
              <div
                class="title_1wry8v1 card-title h5"
              >
                Train of Thought
              </div>
            </div>
          </div>
        </div>
      </a>
    </div>
    <div
      class="flexRowAllCenter_1cn94ih-o_O-gridCol_1f8v8h4"
    >
      <a>
        <div
          class="flexRowAllCenter_1cn94ih-o_O-gridCol_1f8v8h4"
        >
          <div
            class="flexColumnAllCenter_1vexgx1-o_O-card_2cv6tx card"
          >
            <img
              alt="Game icon"
              class="card-img-top cardImg_1inpevm"
              src="https://assets.nest.lumosity.com/frontend_assets/banner/word_snatchers_header.png"
            />
            <div
              class="flexColumn_n8t8ll-o_O-cardBody_ly1891 card-body"
            >
              <p
                class="pageTitle_1a3u8g5-o_O-subTitle_rlrlr4"
              >
                LANGUAGE
              </p>
              <div
                class="title_1wry8v1 card-title h5"
              >
                Word Snatchers
              </div>
            </div>
          </div>
        </div>
      </a>
    </div>
  </div>
</DocumentFragment>
`;
