// Jest Snapshot v1, https://goo.gl/fbAQLP

exports[`components UserBar matches snapshot 1`] = `
<DocumentFragment>
  <div
    class="flexRow_1r5z645-o_O-footer_smmve6"
  >
    <div
      class="flexRow_1r5z645-o_O-clickable_162zso0"
    >
      <img
        alt="Avatar"
        class="avatarImg_yvir6c"
        src="/assets/guest_avatar.svg"
      />
      <p
        class="nameText_5s9o36"
      >
        Guest
      </p>
    </div>
  </div>
</DocumentFragment>
`;
